
===========================================================================
 report_power
============================================================================
======================= Fastest Corner ===================================

Group                  Internal  Switching    Leakage      Total
                          Power      Power      Power      Power (Watts)
----------------------------------------------------------------
Sequential             4.32e-04   1.49e-04   6.37e-07   5.82e-04   4.9%
Combinational          4.09e-03   7.16e-03   6.14e-08   1.12e-02  95.1%
Macro                  0.00e+00   0.00e+00   0.00e+00   0.00e+00   0.0%
Pad                    0.00e+00   0.00e+00   0.00e+00   0.00e+00   0.0%
----------------------------------------------------------------
Total                  4.52e-03   7.31e-03   6.99e-07   1.18e-02 100.0%
                          38.2%      61.8%       0.0%

======================= Slowest Corner ===================================

Group                  Internal  Switching    Leakage      Total
                          Power      Power      Power      Power (Watts)
----------------------------------------------------------------
Sequential             2.75e-04   9.99e-05   2.54e-06   3.77e-04   4.7%
Combinational          2.79e-03   4.79e-03   2.89e-05   7.61e-03  95.3%
Macro                  0.00e+00   0.00e+00   0.00e+00   0.00e+00   0.0%
Pad                    0.00e+00   0.00e+00   0.00e+00   0.00e+00   0.0%
----------------------------------------------------------------
Total                  3.07e-03   4.89e-03   3.14e-05   7.98e-03 100.0%
                          38.4%      61.2%       0.4%

======================= Typical Corner ===================================

Group                  Internal  Switching    Leakage      Total
                          Power      Power      Power      Power (Watts)
----------------------------------------------------------------
Sequential             3.64e-04   1.26e-04   6.37e-07   4.91e-04   4.8%
Combinational          3.67e-03   6.08e-03   3.79e-08   9.75e-03  95.2%
Macro                  0.00e+00   0.00e+00   0.00e+00   0.00e+00   0.0%
Pad                    0.00e+00   0.00e+00   0.00e+00   0.00e+00   0.0%
----------------------------------------------------------------
Total                  4.04e-03   6.21e-03   6.74e-07   1.02e-02 100.0%
                          39.4%      60.6%       0.0%

