
===========================================================================
 report_power
============================================================================
======================= Fastest Corner ===================================

Group                  Internal  Switching    Leakage      Total
                          Power      Power      Power      Power (Watts)
----------------------------------------------------------------
Sequential             4.33e-04   1.30e-04   6.37e-07   5.64e-04   5.0%
Combinational          4.08e-03   6.64e-03   6.14e-08   1.07e-02  95.0%
Macro                  0.00e+00   0.00e+00   0.00e+00   0.00e+00   0.0%
Pad                    0.00e+00   0.00e+00   0.00e+00   0.00e+00   0.0%
----------------------------------------------------------------
Total                  4.52e-03   6.77e-03   6.99e-07   1.13e-02 100.0%
                          40.0%      60.0%       0.0%

======================= Slowest Corner ===================================

Group                  Internal  Switching    Leakage      Total
                          Power      Power      Power      Power (Watts)
----------------------------------------------------------------
Sequential             2.77e-04   8.75e-05   2.54e-06   3.67e-04   4.8%
Combinational          2.79e-03   4.44e-03   2.89e-05   7.26e-03  95.2%
Macro                  0.00e+00   0.00e+00   0.00e+00   0.00e+00   0.0%
Pad                    0.00e+00   0.00e+00   0.00e+00   0.00e+00   0.0%
----------------------------------------------------------------
Total                  3.07e-03   4.52e-03   3.14e-05   7.62e-03 100.0%
                          40.2%      59.3%       0.4%

======================= Typical Corner ===================================

Group                  Internal  Switching    Leakage      Total
                          Power      Power      Power      Power (Watts)
----------------------------------------------------------------
Sequential             3.66e-04   1.11e-04   6.37e-07   4.77e-04   4.9%
Combinational          3.67e-03   5.64e-03   3.79e-08   9.31e-03  95.1%
Macro                  0.00e+00   0.00e+00   0.00e+00   0.00e+00   0.0%
Pad                    0.00e+00   0.00e+00   0.00e+00   0.00e+00   0.0%
----------------------------------------------------------------
Total                  4.04e-03   5.75e-03   6.74e-07   9.78e-03 100.0%
                          41.3%      58.7%       0.0%

