
===========================================================================
 report_power
============================================================================
======================= Fastest Corner ===================================

Group                  Internal  Switching    Leakage      Total
                          Power      Power      Power      Power (Watts)
----------------------------------------------------------------
Sequential             4.33e-04   1.41e-04   6.37e-07   5.74e-04   5.0%
Combinational          4.09e-03   6.93e-03   6.14e-08   1.10e-02  95.0%
Macro                  0.00e+00   0.00e+00   0.00e+00   0.00e+00   0.0%
Pad                    0.00e+00   0.00e+00   0.00e+00   0.00e+00   0.0%
----------------------------------------------------------------
Total                  4.52e-03   7.07e-03   6.99e-07   1.16e-02 100.0%
                          39.0%      61.0%       0.0%

======================= Slowest Corner ===================================

Group                  Internal  Switching    Leakage      Total
                          Power      Power      Power      Power (Watts)
----------------------------------------------------------------
Sequential             2.76e-04   9.46e-05   2.54e-06   3.73e-04   4.8%
Combinational          2.79e-03   4.63e-03   2.89e-05   7.45e-03  95.2%
Macro                  0.00e+00   0.00e+00   0.00e+00   0.00e+00   0.0%
Pad                    0.00e+00   0.00e+00   0.00e+00   0.00e+00   0.0%
----------------------------------------------------------------
Total                  3.07e-03   4.73e-03   3.14e-05   7.82e-03 100.0%
                          39.2%      60.4%       0.4%

======================= Typical Corner ===================================

Group                  Internal  Switching    Leakage      Total
                          Power      Power      Power      Power (Watts)
----------------------------------------------------------------
Sequential             3.65e-04   1.20e-04   6.37e-07   4.85e-04   4.8%
Combinational          3.67e-03   5.88e-03   3.79e-08   9.56e-03  95.2%
Macro                  0.00e+00   0.00e+00   0.00e+00   0.00e+00   0.0%
Pad                    0.00e+00   0.00e+00   0.00e+00   0.00e+00   0.0%
----------------------------------------------------------------
Total                  4.04e-03   6.00e-03   6.74e-07   1.00e-02 100.0%
                          40.2%      59.8%       0.0%

